================================ 
Task started at Thu 04/30/2026 10:00:01.76 
Current dir: D:\EVRCalculator 
Task finished at Thu 04/30/2026 10:34:12.78 with exit code 0 
================================ 
================================ 
Task started at Thu 04/30/2026 15:31:05.21 
Current dir: D:\EVRCalculator 
Task finished at Thu 04/30/2026 16:04:34.25 with exit code 0 
================================ 
================================ 
Task started at Mon 05/04/2026 10:00:02.03 
Current dir: D:\EVRCalculator 
Task finished at Mon 05/04/2026 10:33:25.71 with exit code 1 
================================ 
================================ 
Task started at Tue 05/05/2026 10:00:01.87 
Current dir: D:\EVRCalculator 
Task finished at Tue 05/05/2026 10:34:50.62 with exit code 0 
================================ 
================================ 
Task started at Sat 05/09/2026 21:49:49.71 
Current dir: D:\EVRCalculator 
Task finished at Sat 05/09/2026 22:23:28.77 with exit code 0 
================================ 
================================ 
Task started at Fri 08/28/2026 10:00:02.10 
Current dir: D:\EVRCalculator 
Checkout mode: local 
Expected branch:  
[publication-checkout] mode=local repo=/d/EVRCalculator branch=feature/ui_updates_and_set_market head=b3bf791c113ba3656e3eaa40de314970ea93ec68 working_tree=modified
[publication-environment] repo=/d/EVRCalculator python=\EVRCalculator\.venv/Scripts/python supabase_project=zwxzxuuawalvwioadhmf mode=local
Task finished at Fri 08/28/2026 12:33:45.34 with exit code 1 
================================ 
================================ 
Task started at Sun 08/30/2026 10:00:03.24 
Current dir: D:\EVRCalculator 
Checkout mode: local 
Expected branch:  
[publication-checkout] mode=local repo=/d/EVRCalculator branch=fix/public-rankings-entitlement-regression head=dd8a422d89e0ec179195d3032878c17b3220258d working_tree=modified
[publication-environment] repo=/d/EVRCalculator python=\EVRCalculator\.venv/Scripts/python supabase_project=zwxzxuuawalvwioadhmf mode=local
Task finished at Sun 08/30/2026 10:01:39.41 with exit code 1 
================================ 
